[${ctx:ROUTINGKEY} INFO ] 2025-11-18 20:46:22.043 BaseTest:185 - /Users/ming/IdeaProjects/appiumFramework/target/classes/app/Android.SauceLabs.Mobile.Sample.app.2.7.1.apk
[${ctx:ROUTINGKEY} INFO ] 2025-11-18 20:46:22.043 BaseTest:216 - Platform is:ios
[${ctx:ROUTINGKEY} INFO ] 2025-11-18 20:46:35.790 BaseTest:191 - Platform is:Android
[${ctx:ROUTINGKEY} INFO ] 2025-11-18 20:46:38.142 LoginTest:49 - 
****** Starting Test:invalidPassword******

[${ctx:ROUTINGKEY} INFO ] 2025-11-18 20:46:38.143 BaseTest:275 - Terminate App
[${ctx:ROUTINGKEY} INFO ] 2025-11-18 20:46:38.868 LoginTest:49 - 
****** Starting Test:invalidPassword******

[${ctx:ROUTINGKEY} INFO ] 2025-11-18 20:46:38.870 BaseTest:280 - Terminate App
[${ctx:ROUTINGKEY} INFO ] 2025-11-18 20:46:40.070 BaseTest:293 - Launching App
[${ctx:ROUTINGKEY} INFO ] 2025-11-18 20:46:40.383 BaseTest:289 - Launching App
[${ctx:ROUTINGKEY} INFO ] 2025-11-18 20:46:41.850 BaseTest:267 - Clearing the Field...
[${ctx:ROUTINGKEY} INFO ] 2025-11-18 20:46:43.466 BaseTest:267 - Clearing the Field...
[${ctx:ROUTINGKEY} INFO ] 2025-11-18 20:46:44.096 BaseTest:243 - Sending the keys:standard_user
[${ctx:ROUTINGKEY} INFO ] 2025-11-18 20:46:46.897 BaseTest:267 - Clearing the Field...
[${ctx:ROUTINGKEY} INFO ] 2025-11-18 20:46:47.509 BaseTest:243 - Sending the keys:secret sauce
[${ctx:ROUTINGKEY} INFO ] 2025-11-18 20:46:47.556 BaseTest:243 - Sending the keys:standard_user
[${ctx:ROUTINGKEY} INFO ] 2025-11-18 20:46:49.196 BaseTest:237 - Clicking the element
[${ctx:ROUTINGKEY} INFO ] 2025-11-18 20:46:49.349 BaseTest:267 - Clearing the Field...
[${ctx:ROUTINGKEY} INFO ] 2025-11-18 20:46:49.886 BaseTest:243 - Sending the keys:secret sauce
[${ctx:ROUTINGKEY} INFO ] 2025-11-18 20:46:50.391 BaseTest:260 - Getting the Text:Username and password do not match any user in this service.
[${ctx:ROUTINGKEY} INFO ] 2025-11-18 20:46:50.393 BaseTest:249 - Getting the Attribute
[${ctx:ROUTINGKEY} INFO ] 2025-11-18 20:46:51.049 BaseTest:237 - Clicking the element
[${ctx:ROUTINGKEY} INFO ] 2025-11-18 20:46:52.701 BaseTest:257 - Getting the Text:Username and password do not match any user in this service.
[${ctx:ROUTINGKEY} INFO ] 2025-11-18 20:46:52.704 BaseTest:249 - Getting the Attribute
[${ctx:ROUTINGKEY} INFO ] 2025-11-18 20:46:54.386 LoginTest:49 - 
****** Starting Test:invalidUserName******

[${ctx:ROUTINGKEY} INFO ] 2025-11-18 20:46:54.387 BaseTest:275 - Terminate App
[${ctx:ROUTINGKEY} INFO ] 2025-11-18 20:46:55.548 BaseTest:289 - Launching App
[${ctx:ROUTINGKEY} INFO ] 2025-11-18 20:46:56.094 BaseTest:267 - Clearing the Field...
[${ctx:ROUTINGKEY} INFO ] 2025-11-18 20:46:56.192 LoginTest:49 - 
****** Starting Test:invalidUserName******

[${ctx:ROUTINGKEY} INFO ] 2025-11-18 20:46:56.193 BaseTest:280 - Terminate App
[${ctx:ROUTINGKEY} INFO ] 2025-11-18 20:46:57.277 BaseTest:293 - Launching App
[${ctx:ROUTINGKEY} INFO ] 2025-11-18 20:46:59.622 BaseTest:267 - Clearing the Field...
[${ctx:ROUTINGKEY} INFO ] 2025-11-18 20:47:00.074 BaseTest:243 - Sending the keys:invaliduserName
[${ctx:ROUTINGKEY} INFO ] 2025-11-18 20:47:02.626 BaseTest:267 - Clearing the Field...
[${ctx:ROUTINGKEY} INFO ] 2025-11-18 20:47:03.609 BaseTest:243 - Sending the keys:invalidPassword
[${ctx:ROUTINGKEY} INFO ] 2025-11-18 20:47:05.749 BaseTest:237 - Clicking the element
[${ctx:ROUTINGKEY} INFO ] 2025-11-18 20:47:07.337 BaseTest:260 - Getting the Text:Username and password do not match any user in this service.
[${ctx:ROUTINGKEY} INFO ] 2025-11-18 20:47:07.338 BaseTest:249 - Getting the Attribute
[${ctx:ROUTINGKEY} INFO ] 2025-11-18 20:47:12.593 LoginTest:49 - 
****** Starting Test:validLogin******

[${ctx:ROUTINGKEY} INFO ] 2025-11-18 20:47:12.595 BaseTest:275 - Terminate App
[${ctx:ROUTINGKEY} INFO ] 2025-11-18 20:47:13.786 LoginTest:49 - 
****** Starting Test:validLogin******

[${ctx:ROUTINGKEY} INFO ] 2025-11-18 20:47:13.789 BaseTest:280 - Terminate App
[${ctx:ROUTINGKEY} INFO ] 2025-11-18 20:47:14.995 BaseTest:289 - Launching App
[${ctx:ROUTINGKEY} INFO ] 2025-11-18 20:47:14.994 BaseTest:293 - Launching App
[${ctx:ROUTINGKEY} INFO ] 2025-11-18 20:47:16.178 BaseTest:267 - Clearing the Field...
[${ctx:ROUTINGKEY} INFO ] 2025-11-18 20:47:18.542 BaseTest:267 - Clearing the Field...
[${ctx:ROUTINGKEY} INFO ] 2025-11-18 20:47:19.139 BaseTest:243 - Sending the keys:standard_user
[${ctx:ROUTINGKEY} INFO ] 2025-11-18 20:47:21.459 BaseTest:267 - Clearing the Field...
[${ctx:ROUTINGKEY} INFO ] 2025-11-18 20:47:22.177 BaseTest:243 - Sending the keys:secret_sauce
[${ctx:ROUTINGKEY} INFO ] 2025-11-18 20:47:23.885 BaseTest:243 - Sending the keys:standard_user
[${ctx:ROUTINGKEY} INFO ] 2025-11-18 20:47:24.054 BaseTest:237 - Clicking the element
[${ctx:ROUTINGKEY} INFO ] 2025-11-18 20:47:24.850 BaseTest:267 - Clearing the Field...
[${ctx:ROUTINGKEY} INFO ] 2025-11-18 20:47:25.448 BaseTest:243 - Sending the keys:secret_sauce
[${ctx:ROUTINGKEY} INFO ] 2025-11-18 20:47:25.999 BaseTest:260 - Getting the Text:PRODUCTS
[${ctx:ROUTINGKEY} INFO ] 2025-11-18 20:47:25.999 BaseTest:249 - Getting the Attribute
[${ctx:ROUTINGKEY} INFO ] 2025-11-18 20:47:26.557 BaseTest:237 - Clicking the element
[${ctx:ROUTINGKEY} INFO ] 2025-11-18 20:47:28.752 BaseTest:257 - Getting the Text:PRODUCTS
[${ctx:ROUTINGKEY} INFO ] 2025-11-18 20:47:28.753 BaseTest:249 - Getting the Attribute
[${ctx:ROUTINGKEY} INFO ] 2025-11-18 20:47:30.889 ProductTest:51 - 
****** Starting Test:validProductOnProductDetailPage******

[${ctx:ROUTINGKEY} INFO ] 2025-11-18 20:47:30.890 BaseTest:275 - Terminate App
[${ctx:ROUTINGKEY} INFO ] 2025-11-18 20:47:31.357 BaseTest:289 - Launching App
[${ctx:ROUTINGKEY} INFO ] 2025-11-18 20:47:32.038 ProductTest:51 - 
****** Starting Test:validProductOnProductDetailPage******

[${ctx:ROUTINGKEY} INFO ] 2025-11-18 20:47:32.039 BaseTest:280 - Terminate App
[${ctx:ROUTINGKEY} INFO ] 2025-11-18 20:47:33.113 BaseTest:293 - Launching App
[${ctx:ROUTINGKEY} INFO ] 2025-11-18 20:47:33.972 BaseTest:237 - Clicking the element
[${ctx:ROUTINGKEY} INFO ] 2025-11-18 20:47:41.787 BaseTest:257 - Getting the Text:Sauce Labs Backpack
[${ctx:ROUTINGKEY} INFO ] 2025-11-18 20:47:41.798 BaseTest:249 - Getting the Attribute
[${ctx:ROUTINGKEY} INFO ] 2025-11-18 20:47:42.590 BaseTest:302 - Performing Scrolling
[${ctx:ROUTINGKEY} INFO ] 2025-11-18 20:47:47.898 BaseTest:257 - Getting the Text:carry.allTheThings() with the sleek, streamlined Sly Pack that melds uncompromising style with unequaled laptop and tablet protection.
[${ctx:ROUTINGKEY} INFO ] 2025-11-18 20:47:47.899 BaseTest:249 - Getting the Attribute
[${ctx:ROUTINGKEY} INFO ] 2025-11-18 20:47:48.205 BaseTest:257 - Getting the Text:$29.99
[${ctx:ROUTINGKEY} INFO ] 2025-11-18 20:47:48.206 BaseTest:249 - Getting the Attribute
[${ctx:ROUTINGKEY} INFO ] 2025-11-18 20:47:48.573 BaseTest:237 - Clicking the element
[${ctx:ROUTINGKEY} INFO ] 2025-11-18 20:47:48.736 BaseTest:237 - Clicking the element
[${ctx:ROUTINGKEY} INFO ] 2025-11-18 20:47:49.764 BaseTest:237 - Clicking the element
[${ctx:ROUTINGKEY} INFO ] 2025-11-18 20:47:54.557 ProductTest:51 - 
****** Starting Test:validProductOnProductPage******

[${ctx:ROUTINGKEY} INFO ] 2025-11-18 20:47:54.560 BaseTest:275 - Terminate App
[${ctx:ROUTINGKEY} INFO ] 2025-11-18 20:47:55.405 BaseTest:289 - Launching App
[${ctx:ROUTINGKEY} INFO ] 2025-11-18 20:47:56.262 ProductTest:51 - 
****** Starting Test:validProductOnProductPage******

[${ctx:ROUTINGKEY} INFO ] 2025-11-18 20:47:56.263 BaseTest:280 - Terminate App
[${ctx:ROUTINGKEY} INFO ] 2025-11-18 20:47:57.409 BaseTest:293 - Launching App
[${ctx:ROUTINGKEY} INFO ] 2025-11-18 20:48:03.948 BaseTest:323 - Driver quit
[${ctx:ROUTINGKEY} INFO ] 2025-11-18 20:48:11.079 BaseTest:323 - Driver quit
